// Jest Snapshot v1, https://goo.gl/fbAQLP

exports[`ApplicationLauncher dropup + right aligned 1`] = `
<Dropdown
  className=""
  direction="up"
  dropdownItems={
    Array [
      <DropdownItem
        className=""
        component="a"
        context={
          Object {
            "keyHandler": [Function],
            "sendRef": [Function],
          }
        }
        href="#"
        index={-1}
        isDisabled={false}
        isHovered={false}
        onClick={[Function]}
      >
        Link
      </DropdownItem>,
      <DropdownItem
        className=""
        component="button"
        context={
          Object {
            "keyHandler": [Function],
            "sendRef": [Function],
          }
        }
        href="#"
        index={-1}
        isDisabled={false}
        isHovered={false}
        onClick={[Function]}
      >
        Action
      </DropdownItem>,
      <DropdownItem
        className=""
        component="a"
        context={
          Object {
            "keyHandler": [Function],
            "sendRef": [Function],
          }
        }
        href="#"
        index={-1}
        isDisabled={true}
        isHovered={false}
        onClick={[Function]}
      >
        Disabled Link
      </DropdownItem>,
      <DropdownItem
        className=""
        component="button"
        context={
          Object {
            "keyHandler": [Function],
            "sendRef": [Function],
          }
        }
        href="#"
        index={-1}
        isDisabled={true}
        isHovered={false}
        onClick={[Function]}
      >
        Disabled Action
      </DropdownItem>,
      <Separator
        className=""
        component="a"
        href="#"
        isDisabled={false}
        isHovered={false}
      />,
      <DropdownItem
        className=""
        component="a"
        context={
          Object {
            "keyHandler": [Function],
            "sendRef": [Function],
          }
        }
        href="#"
        index={-1}
        isDisabled={false}
        isHovered={false}
        onClick={[Function]}
      >
        Separated Link
      </DropdownItem>,
      <DropdownItem
        className=""
        component="button"
        context={
          Object {
            "keyHandler": [Function],
            "sendRef": [Function],
          }
        }
        href="#"
        index={-1}
        isDisabled={false}
        isHovered={false}
        onClick={[Function]}
      >
        Separated Action
      </DropdownItem>,
    ]
  }
  isOpen={false}
  isPlain={true}
  onSelect={[Function]}
  position="right"
  toggle={
    <DropdownToggle
      aria-label="Application Launcher"
      className=""
      iconComponent={null}
      id=""
      isActive={false}
      isFocused={false}
      isHovered={false}
      isOpen={false}
      isPlain={false}
      onToggle={[Function]}
      parentRef={null}
    >
      <ThIcon
        color="currentColor"
        size="sm"
        title={null}
      />
    </DropdownToggle>
  }
/>
`;

exports[`ApplicationLauncher dropup 1`] = `
<Dropdown
  className=""
  direction="up"
  dropdownItems={
    Array [
      <DropdownItem
        className=""
        component="a"
        context={
          Object {
            "keyHandler": [Function],
            "sendRef": [Function],
          }
        }
        href="#"
        index={-1}
        isDisabled={false}
        isHovered={false}
        onClick={[Function]}
      >
        Link
      </DropdownItem>,
      <DropdownItem
        className=""
        component="button"
        context={
          Object {
            "keyHandler": [Function],
            "sendRef": [Function],
          }
        }
        href="#"
        index={-1}
        isDisabled={false}
        isHovered={false}
        onClick={[Function]}
      >
        Action
      </DropdownItem>,
      <DropdownItem
        className=""
        component="a"
        context={
          Object {
            "keyHandler": [Function],
            "sendRef": [Function],
          }
        }
        href="#"
        index={-1}
        isDisabled={true}
        isHovered={false}
        onClick={[Function]}
      >
        Disabled Link
      </DropdownItem>,
      <DropdownItem
        className=""
        component="button"
        context={
          Object {
            "keyHandler": [Function],
            "sendRef": [Function],
          }
        }
        href="#"
        index={-1}
        isDisabled={true}
        isHovered={false}
        onClick={[Function]}
      >
        Disabled Action
      </DropdownItem>,
      <Separator
        className=""
        component="a"
        href="#"
        isDisabled={false}
        isHovered={false}
      />,
      <DropdownItem
        className=""
        component="a"
        context={
          Object {
            "keyHandler": [Function],
            "sendRef": [Function],
          }
        }
        href="#"
        index={-1}
        isDisabled={false}
        isHovered={false}
        onClick={[Function]}
      >
        Separated Link
      </DropdownItem>,
      <DropdownItem
        className=""
        component="button"
        context={
          Object {
            "keyHandler": [Function],
            "sendRef": [Function],
          }
        }
        href="#"
        index={-1}
        isDisabled={false}
        isHovered={false}
        onClick={[Function]}
      >
        Separated Action
      </DropdownItem>,
    ]
  }
  isOpen={false}
  isPlain={true}
  onSelect={[Function]}
  position="left"
  toggle={
    <DropdownToggle
      aria-label="Application Launcher"
      className=""
      iconComponent={null}
      id=""
      isActive={false}
      isFocused={false}
      isHovered={false}
      isOpen={false}
      isPlain={false}
      onToggle={[Function]}
      parentRef={null}
    >
      <ThIcon
        color="currentColor"
        size="sm"
        title={null}
      />
    </DropdownToggle>
  }
/>
`;

exports[`ApplicationLauncher expanded 1`] = `
<Dropdown
  className=""
  direction="down"
  dropdownItems={
    Array [
      <DropdownItem
        className=""
        component="a"
        context={
          Object {
            "keyHandler": [Function],
            "sendRef": [Function],
          }
        }
        href="#"
        index={-1}
        isDisabled={false}
        isHovered={false}
        onClick={[Function]}
      >
        Link
      </DropdownItem>,
      <DropdownItem
        className=""
        component="button"
        context={
          Object {
            "keyHandler": [Function],
            "sendRef": [Function],
          }
        }
        href="#"
        index={-1}
        isDisabled={false}
        isHovered={false}
        onClick={[Function]}
      >
        Action
      </DropdownItem>,
      <DropdownItem
        className=""
        component="a"
        context={
          Object {
            "keyHandler": [Function],
            "sendRef": [Function],
          }
        }
        href="#"
        index={-1}
        isDisabled={true}
        isHovered={false}
        onClick={[Function]}
      >
        Disabled Link
      </DropdownItem>,
      <DropdownItem
        className=""
        component="button"
        context={
          Object {
            "keyHandler": [Function],
            "sendRef": [Function],
          }
        }
        href="#"
        index={-1}
        isDisabled={true}
        isHovered={false}
        onClick={[Function]}
      >
        Disabled Action
      </DropdownItem>,
      <Separator
        className=""
        component="a"
        href="#"
        isDisabled={false}
        isHovered={false}
      />,
      <DropdownItem
        className=""
        component="a"
        context={
          Object {
            "keyHandler": [Function],
            "sendRef": [Function],
          }
        }
        href="#"
        index={-1}
        isDisabled={false}
        isHovered={false}
        onClick={[Function]}
      >
        Separated Link
      </DropdownItem>,
      <DropdownItem
        className=""
        component="button"
        context={
          Object {
            "keyHandler": [Function],
            "sendRef": [Function],
          }
        }
        href="#"
        index={-1}
        isDisabled={false}
        isHovered={false}
        onClick={[Function]}
      >
        Separated Action
      </DropdownItem>,
    ]
  }
  isOpen={true}
  isPlain={true}
  onSelect={[Function]}
  position="left"
  toggle={
    <DropdownToggle
      aria-label="Application Launcher"
      className=""
      iconComponent={null}
      id=""
      isActive={false}
      isFocused={false}
      isHovered={false}
      isOpen={false}
      isPlain={false}
      onToggle={[Function]}
      parentRef={null}
    >
      <ThIcon
        color="currentColor"
        size="sm"
        title={null}
      />
    </DropdownToggle>
  }
/>
`;

exports[`ApplicationLauncher regular 1`] = `
<Dropdown
  className=""
  direction="down"
  dropdownItems={
    Array [
      <DropdownItem
        className=""
        component="a"
        context={
          Object {
            "keyHandler": [Function],
            "sendRef": [Function],
          }
        }
        href="#"
        index={-1}
        isDisabled={false}
        isHovered={false}
        onClick={[Function]}
      >
        Link
      </DropdownItem>,
      <DropdownItem
        className=""
        component="button"
        context={
          Object {
            "keyHandler": [Function],
            "sendRef": [Function],
          }
        }
        href="#"
        index={-1}
        isDisabled={false}
        isHovered={false}
        onClick={[Function]}
      >
        Action
      </DropdownItem>,
      <DropdownItem
        className=""
        component="a"
        context={
          Object {
            "keyHandler": [Function],
            "sendRef": [Function],
          }
        }
        href="#"
        index={-1}
        isDisabled={true}
        isHovered={false}
        onClick={[Function]}
      >
        Disabled Link
      </DropdownItem>,
      <DropdownItem
        className=""
        component="button"
        context={
          Object {
            "keyHandler": [Function],
            "sendRef": [Function],
          }
        }
        href="#"
        index={-1}
        isDisabled={true}
        isHovered={false}
        onClick={[Function]}
      >
        Disabled Action
      </DropdownItem>,
      <Separator
        className=""
        component="a"
        href="#"
        isDisabled={false}
        isHovered={false}
      />,
      <DropdownItem
        className=""
        component="a"
        context={
          Object {
            "keyHandler": [Function],
            "sendRef": [Function],
          }
        }
        href="#"
        index={-1}
        isDisabled={false}
        isHovered={false}
        onClick={[Function]}
      >
        Separated Link
      </DropdownItem>,
      <DropdownItem
        className=""
        component="button"
        context={
          Object {
            "keyHandler": [Function],
            "sendRef": [Function],
          }
        }
        href="#"
        index={-1}
        isDisabled={false}
        isHovered={false}
        onClick={[Function]}
      >
        Separated Action
      </DropdownItem>,
    ]
  }
  isOpen={false}
  isPlain={true}
  onSelect={[Function]}
  position="left"
  toggle={
    <DropdownToggle
      aria-label="Application Launcher"
      className=""
      iconComponent={null}
      id=""
      isActive={false}
      isFocused={false}
      isHovered={false}
      isOpen={false}
      isPlain={false}
      onToggle={[Function]}
      parentRef={null}
    >
      <ThIcon
        color="currentColor"
        size="sm"
        title={null}
      />
    </DropdownToggle>
  }
/>
`;

exports[`ApplicationLauncher right aligned 1`] = `
<Dropdown
  className=""
  direction="down"
  dropdownItems={
    Array [
      <DropdownItem
        className=""
        component="a"
        context={
          Object {
            "keyHandler": [Function],
            "sendRef": [Function],
          }
        }
        href="#"
        index={-1}
        isDisabled={false}
        isHovered={false}
        onClick={[Function]}
      >
        Link
      </DropdownItem>,
      <DropdownItem
        className=""
        component="button"
        context={
          Object {
            "keyHandler": [Function],
            "sendRef": [Function],
          }
        }
        href="#"
        index={-1}
        isDisabled={false}
        isHovered={false}
        onClick={[Function]}
      >
        Action
      </DropdownItem>,
      <DropdownItem
        className=""
        component="a"
        context={
          Object {
            "keyHandler": [Function],
            "sendRef": [Function],
          }
        }
        href="#"
        index={-1}
        isDisabled={true}
        isHovered={false}
        onClick={[Function]}
      >
        Disabled Link
      </DropdownItem>,
      <DropdownItem
        className=""
        component="button"
        context={
          Object {
            "keyHandler": [Function],
            "sendRef": [Function],
          }
        }
        href="#"
        index={-1}
        isDisabled={true}
        isHovered={false}
        onClick={[Function]}
      >
        Disabled Action
      </DropdownItem>,
      <Separator
        className=""
        component="a"
        href="#"
        isDisabled={false}
        isHovered={false}
      />,
      <DropdownItem
        className=""
        component="a"
        context={
          Object {
            "keyHandler": [Function],
            "sendRef": [Function],
          }
        }
        href="#"
        index={-1}
        isDisabled={false}
        isHovered={false}
        onClick={[Function]}
      >
        Separated Link
      </DropdownItem>,
      <DropdownItem
        className=""
        component="button"
        context={
          Object {
            "keyHandler": [Function],
            "sendRef": [Function],
          }
        }
        href="#"
        index={-1}
        isDisabled={false}
        isHovered={false}
        onClick={[Function]}
      >
        Separated Action
      </DropdownItem>,
    ]
  }
  isOpen={false}
  isPlain={true}
  onSelect={[Function]}
  position="right"
  toggle={
    <DropdownToggle
      aria-label="Application Launcher"
      className=""
      iconComponent={null}
      id=""
      isActive={false}
      isFocused={false}
      isHovered={false}
      isOpen={false}
      isPlain={false}
      onToggle={[Function]}
      parentRef={null}
    >
      <ThIcon
        color="currentColor"
        size="sm"
        title={null}
      />
    </DropdownToggle>
  }
/>
`;
