// Jest Snapshot v1, https://goo.gl/fbAQLP

exports[`Backdrop Test 1`] = `
.pf-c-backdrop {
  display: block;
  position: fixed;
  top: 0px;
  left: 0px;
  z-index: 600;
  width: 100%;
  height: 100%;
  background-color: rgba(3, 3, 3, 0.62);
}

<div
  className="pf-c-backdrop"
>
  Backdrop
</div>
`;
